unexpectedModel
| Unexpected summary found: repo::test;<crate::option::MyOption as crate::clone::Clone>::clone;Argument[self].Field[crate::option::MyOption::MySome(0)].Reference;ReturnValue.Field[crate::option::MyOption::MySome(0)];value;dfc-generated |
| Unexpected summary found: repo::test;<crate::option::MyOption>::cloned;Argument[self].Field[crate::option::MyOption::MySome(0)].Reference;ReturnValue.Field[crate::option::MyOption::MySome(0)];value;dfc-generated |
expectedModel
