#select
| apollo-test.js:11:25:11:28 | true | apollo-test.js:11:25:11:28 | true | apollo-test.js:11:25:11:28 | true | CORS misconfiguration due to a $@. | apollo-test.js:11:25:11:28 | true | permissive or user controlled value |
| apollo-test.js:21:25:21:28 | null | apollo-test.js:21:25:21:28 | null | apollo-test.js:21:25:21:28 | null | CORS misconfiguration due to a $@. | apollo-test.js:21:25:21:28 | null | permissive or user controlled value |
| apollo-test.js:26:25:26:35 | user_origin | apollo-test.js:8:33:8:39 | req.url | apollo-test.js:26:25:26:35 | user_origin | CORS misconfiguration due to a $@. | apollo-test.js:8:33:8:39 | req.url | permissive or user controlled value |
| apollo-test.js:26:25:26:35 | user_origin | apollo-test.js:8:42:8:45 | true | apollo-test.js:26:25:26:35 | user_origin | CORS misconfiguration due to a $@. | apollo-test.js:8:42:8:45 | true | permissive or user controlled value |
| express-test.js:26:17:26:19 | '*' | express-test.js:26:17:26:19 | '*' | express-test.js:26:17:26:19 | '*' | CORS misconfiguration due to a $@. | express-test.js:26:17:26:19 | '*' | permissive or user controlled value |
| express-test.js:33:17:33:27 | user_origin | express-test.js:10:33:10:39 | req.url | express-test.js:33:17:33:27 | user_origin | CORS misconfiguration due to a $@. | express-test.js:10:33:10:39 | req.url | permissive or user controlled value |
| express-test.js:33:17:33:27 | user_origin | express-test.js:10:42:10:45 | true | express-test.js:33:17:33:27 | user_origin | CORS misconfiguration due to a $@. | express-test.js:10:42:10:45 | true | permissive or user controlled value |
| tst.js:13:50:13:55 | origin | tst.js:12:28:12:34 | req.url | tst.js:13:50:13:55 | origin | CORS misconfiguration due to a $@. | tst.js:12:28:12:34 | req.url | permissive or user controlled value |
| tst.js:13:50:13:55 | origin | tst.js:12:37:12:40 | true | tst.js:13:50:13:55 | origin | CORS misconfiguration due to a $@. | tst.js:12:37:12:40 | true | permissive or user controlled value |
| tst.js:18:50:18:53 | null | tst.js:18:50:18:53 | null | tst.js:18:50:18:53 | null | CORS misconfiguration due to a $@. | tst.js:18:50:18:53 | null | permissive or user controlled value |
| tst.js:23:50:23:55 | "null" | tst.js:23:50:23:55 | "null" | tst.js:23:50:23:55 | "null" | CORS misconfiguration due to a $@. | tst.js:23:50:23:55 | "null" | permissive or user controlled value |
edges
| apollo-test.js:8:9:8:59 | user_origin | apollo-test.js:26:25:26:35 | user_origin | provenance |  |
| apollo-test.js:8:23:8:46 | url.par ... , true) | apollo-test.js:8:9:8:59 | user_origin | provenance |  |
| apollo-test.js:8:33:8:39 | req.url | apollo-test.js:8:23:8:46 | url.par ... , true) | provenance |  |
| apollo-test.js:8:42:8:45 | true | apollo-test.js:8:23:8:46 | url.par ... , true) | provenance |  |
| express-test.js:10:9:10:59 | user_origin | express-test.js:33:17:33:27 | user_origin | provenance |  |
| express-test.js:10:23:10:46 | url.par ... , true) | express-test.js:10:9:10:59 | user_origin | provenance |  |
| express-test.js:10:33:10:39 | req.url | express-test.js:10:23:10:46 | url.par ... , true) | provenance |  |
| express-test.js:10:42:10:45 | true | express-test.js:10:23:10:46 | url.par ... , true) | provenance |  |
| tst.js:12:9:12:54 | origin | tst.js:13:50:13:55 | origin | provenance |  |
| tst.js:12:18:12:41 | url.par ... , true) | tst.js:12:9:12:54 | origin | provenance |  |
| tst.js:12:28:12:34 | req.url | tst.js:12:18:12:41 | url.par ... , true) | provenance |  |
| tst.js:12:37:12:40 | true | tst.js:12:18:12:41 | url.par ... , true) | provenance |  |
nodes
| apollo-test.js:8:9:8:59 | user_origin | semmle.label | user_origin |
| apollo-test.js:8:23:8:46 | url.par ... , true) | semmle.label | url.par ... , true) |
| apollo-test.js:8:33:8:39 | req.url | semmle.label | req.url |
| apollo-test.js:8:42:8:45 | true | semmle.label | true |
| apollo-test.js:11:25:11:28 | true | semmle.label | true |
| apollo-test.js:21:25:21:28 | null | semmle.label | null |
| apollo-test.js:26:25:26:35 | user_origin | semmle.label | user_origin |
| express-test.js:10:9:10:59 | user_origin | semmle.label | user_origin |
| express-test.js:10:23:10:46 | url.par ... , true) | semmle.label | url.par ... , true) |
| express-test.js:10:33:10:39 | req.url | semmle.label | req.url |
| express-test.js:10:42:10:45 | true | semmle.label | true |
| express-test.js:26:17:26:19 | '*' | semmle.label | '*' |
| express-test.js:33:17:33:27 | user_origin | semmle.label | user_origin |
| tst.js:12:9:12:54 | origin | semmle.label | origin |
| tst.js:12:18:12:41 | url.par ... , true) | semmle.label | url.par ... , true) |
| tst.js:12:28:12:34 | req.url | semmle.label | req.url |
| tst.js:12:37:12:40 | true | semmle.label | true |
| tst.js:13:50:13:55 | origin | semmle.label | origin |
| tst.js:18:50:18:53 | null | semmle.label | null |
| tst.js:23:50:23:55 | "null" | semmle.label | "null" |
subpaths
