nodes
| intersection.js:1:1:1:41 | [RegExpLiteral] /\\p{Script_Extensions=Greek}\|\\p{Letter}/v | semmle.label | [RegExpLiteral] /\\p{Script_Extensions=Greek}\|\\p{Letter}/v |
| intersection.js:1:1:1:42 | [ExprStmt] /\\p{Scr ... ter}/v; | semmle.label | [ExprStmt] /\\p{Scr ... ter}/v; |
| intersection.js:1:1:1:42 | [ExprStmt] /\\p{Scr ... ter}/v; | semmle.order | 1 |
| intersection.js:1:2:1:28 | [RegExpUnicodePropertyEscape] \\p{Script_Extensions=Greek} | semmle.label | [RegExpUnicodePropertyEscape] \\p{Script_Extensions=Greek} |
| intersection.js:1:2:1:39 | [RegExpAlt] \\p{Script_Extensions=Greek}\|\\p{Letter} | semmle.label | [RegExpAlt] \\p{Script_Extensions=Greek}\|\\p{Letter} |
| intersection.js:1:30:1:39 | [RegExpUnicodePropertyEscape] \\p{Letter} | semmle.label | [RegExpUnicodePropertyEscape] \\p{Letter} |
| intersection.js:2:1:2:42 | [RegExpLiteral] /\\p{Script_Extensions=Greek}&&\\p{Letter}/v | semmle.label | [RegExpLiteral] /\\p{Script_Extensions=Greek}&&\\p{Letter}/v |
| intersection.js:2:1:2:43 | [ExprStmt] /\\p{Scr ... ter}/v; | semmle.label | [ExprStmt] /\\p{Scr ... ter}/v; |
| intersection.js:2:1:2:43 | [ExprStmt] /\\p{Scr ... ter}/v; | semmle.order | 2 |
| intersection.js:2:2:2:28 | [RegExpUnicodePropertyEscape] \\p{Script_Extensions=Greek} | semmle.label | [RegExpUnicodePropertyEscape] \\p{Script_Extensions=Greek} |
| intersection.js:2:2:2:40 | [RegExpSequence] \\p{Script_Extensions=Greek}&&\\p{Letter} | semmle.label | [RegExpSequence] \\p{Script_Extensions=Greek}&&\\p{Letter} |
| intersection.js:2:29:2:30 | [RegExpNormalConstant] && | semmle.label | [RegExpNormalConstant] && |
| intersection.js:2:31:2:40 | [RegExpUnicodePropertyEscape] \\p{Letter} | semmle.label | [RegExpUnicodePropertyEscape] \\p{Letter} |
edges
| intersection.js:1:1:1:41 | [RegExpLiteral] /\\p{Script_Extensions=Greek}\|\\p{Letter}/v | intersection.js:1:2:1:39 | [RegExpAlt] \\p{Script_Extensions=Greek}\|\\p{Letter} | semmle.label | 0 |
| intersection.js:1:1:1:41 | [RegExpLiteral] /\\p{Script_Extensions=Greek}\|\\p{Letter}/v | intersection.js:1:2:1:39 | [RegExpAlt] \\p{Script_Extensions=Greek}\|\\p{Letter} | semmle.order | 0 |
| intersection.js:1:1:1:42 | [ExprStmt] /\\p{Scr ... ter}/v; | intersection.js:1:1:1:41 | [RegExpLiteral] /\\p{Script_Extensions=Greek}\|\\p{Letter}/v | semmle.label | 1 |
| intersection.js:1:1:1:42 | [ExprStmt] /\\p{Scr ... ter}/v; | intersection.js:1:1:1:41 | [RegExpLiteral] /\\p{Script_Extensions=Greek}\|\\p{Letter}/v | semmle.order | 1 |
| intersection.js:1:2:1:39 | [RegExpAlt] \\p{Script_Extensions=Greek}\|\\p{Letter} | intersection.js:1:2:1:28 | [RegExpUnicodePropertyEscape] \\p{Script_Extensions=Greek} | semmle.label | 0 |
| intersection.js:1:2:1:39 | [RegExpAlt] \\p{Script_Extensions=Greek}\|\\p{Letter} | intersection.js:1:2:1:28 | [RegExpUnicodePropertyEscape] \\p{Script_Extensions=Greek} | semmle.order | 0 |
| intersection.js:1:2:1:39 | [RegExpAlt] \\p{Script_Extensions=Greek}\|\\p{Letter} | intersection.js:1:30:1:39 | [RegExpUnicodePropertyEscape] \\p{Letter} | semmle.label | 1 |
| intersection.js:1:2:1:39 | [RegExpAlt] \\p{Script_Extensions=Greek}\|\\p{Letter} | intersection.js:1:30:1:39 | [RegExpUnicodePropertyEscape] \\p{Letter} | semmle.order | 1 |
| intersection.js:2:1:2:42 | [RegExpLiteral] /\\p{Script_Extensions=Greek}&&\\p{Letter}/v | intersection.js:2:2:2:40 | [RegExpSequence] \\p{Script_Extensions=Greek}&&\\p{Letter} | semmle.label | 0 |
| intersection.js:2:1:2:42 | [RegExpLiteral] /\\p{Script_Extensions=Greek}&&\\p{Letter}/v | intersection.js:2:2:2:40 | [RegExpSequence] \\p{Script_Extensions=Greek}&&\\p{Letter} | semmle.order | 0 |
| intersection.js:2:1:2:43 | [ExprStmt] /\\p{Scr ... ter}/v; | intersection.js:2:1:2:42 | [RegExpLiteral] /\\p{Script_Extensions=Greek}&&\\p{Letter}/v | semmle.label | 1 |
| intersection.js:2:1:2:43 | [ExprStmt] /\\p{Scr ... ter}/v; | intersection.js:2:1:2:42 | [RegExpLiteral] /\\p{Script_Extensions=Greek}&&\\p{Letter}/v | semmle.order | 1 |
| intersection.js:2:2:2:40 | [RegExpSequence] \\p{Script_Extensions=Greek}&&\\p{Letter} | intersection.js:2:2:2:28 | [RegExpUnicodePropertyEscape] \\p{Script_Extensions=Greek} | semmle.label | 0 |
| intersection.js:2:2:2:40 | [RegExpSequence] \\p{Script_Extensions=Greek}&&\\p{Letter} | intersection.js:2:2:2:28 | [RegExpUnicodePropertyEscape] \\p{Script_Extensions=Greek} | semmle.order | 0 |
| intersection.js:2:2:2:40 | [RegExpSequence] \\p{Script_Extensions=Greek}&&\\p{Letter} | intersection.js:2:29:2:30 | [RegExpNormalConstant] && | semmle.label | 1 |
| intersection.js:2:2:2:40 | [RegExpSequence] \\p{Script_Extensions=Greek}&&\\p{Letter} | intersection.js:2:29:2:30 | [RegExpNormalConstant] && | semmle.order | 1 |
| intersection.js:2:2:2:40 | [RegExpSequence] \\p{Script_Extensions=Greek}&&\\p{Letter} | intersection.js:2:31:2:40 | [RegExpUnicodePropertyEscape] \\p{Letter} | semmle.label | 2 |
| intersection.js:2:2:2:40 | [RegExpSequence] \\p{Script_Extensions=Greek}&&\\p{Letter} | intersection.js:2:31:2:40 | [RegExpUnicodePropertyEscape] \\p{Letter} | semmle.order | 2 |
graphProperties
| semmle.graphKind | tree |
